src/app/(root)/Space/index.tsx(49,49): error TS2322: Type '{ tags: { id: number; name: string; }[]; gap: number; }' is not assignable to type 'IntrinsicAttributes & ImageCarouselProps'.
  Property 'gap' does not exist on type 'IntrinsicAttributes & ImageCarouselProps'.
src/app/api/clients/route.ts(119,9): error TS2353: Object literal may only specify known properties, and 'birthday' does not exist in type '(Without<ClientCreateInput, ClientUncheckedCreateInput> & ClientUncheckedCreateInput) | (Without<...> & ClientCreateInput)'.
src/components/dialogs/ClientFormDialog.tsx(195,19): error TS2322: Type '{ value: Date | undefined; onChange: (...event: any[]) => void; placeholder: string; captionLayout: string; }' is not assignable to type 'IntrinsicAttributes & DatePickerProps'.
  Property 'captionLayout' does not exist on type 'IntrinsicAttributes & DatePickerProps'.
